Archive member included to satisfy reference by file (symbol)

/usr/lib/gcc/avr/4.9.2/avr25/tiny-stack/libgcc.a(_exit.o)
                              /usr/lib/gcc/avr/4.9.2/../../../avr/lib/avr25/tiny-stack/crtattiny25.o (exit)
/usr/lib/gcc/avr/4.9.2/avr25/tiny-stack/libgcc.a(_copy_data.o)
                              crm114.o (__do_copy_data)
/usr/lib/gcc/avr/4.9.2/../../../avr/lib/avr25/tiny-stack/libattiny25.a(eerd_byte.o)
                              crm114.o (eeprom_read_byte)
/usr/lib/gcc/avr/4.9.2/../../../avr/lib/avr25/tiny-stack/libattiny25.a(eewr_byte.o)
                              crm114.o (eeprom_write_byte)

Memory Configuration

Name             Origin             Length             Attributes
text             0x00000000         0x00002000         xr
data             0x00800060         0x0000ffa0         rw !x
eeprom           0x00810000         0x00010000         rw !x
fuse             0x00820000         0x00000400         rw !x
lock             0x00830000         0x00000400         rw !x
signature        0x00840000         0x00000400         rw !x
user_signatures  0x00850000         0x00000400         rw !x
*default*        0x00000000         0xffffffff

Linker script and memory map

LOAD /usr/lib/gcc/avr/4.9.2/../../../avr/lib/avr25/tiny-stack/crtattiny25.o
LOAD crm114.o
START GROUP
LOAD /usr/lib/gcc/avr/4.9.2/avr25/tiny-stack/libgcc.a
LOAD /usr/lib/gcc/avr/4.9.2/../../../avr/lib/avr25/tiny-stack/libm.a
LOAD /usr/lib/gcc/avr/4.9.2/../../../avr/lib/avr25/tiny-stack/libc.a
LOAD /usr/lib/gcc/avr/4.9.2/../../../avr/lib/avr25/tiny-stack/libattiny25.a
END GROUP

.hash
 *(.hash)

.dynsym
 *(.dynsym)

.dynstr
 *(.dynstr)

.gnu.version
 *(.gnu.version)

.gnu.version_d
 *(.gnu.version_d)

.gnu.version_r
 *(.gnu.version_r)

.rel.init
 *(.rel.init)

.rela.init
 *(.rela.init)

.rel.text
 *(.rel.text)
 *(.rel.text.*)
 *(.rel.gnu.linkonce.t*)

.rela.text
 *(.rela.text)
 *(.rela.text.*)
 *(.rela.gnu.linkonce.t*)

.rel.fini
 *(.rel.fini)

.rela.fini
 *(.rela.fini)

.rel.rodata
 *(.rel.rodata)
 *(.rel.rodata.*)
 *(.rel.gnu.linkonce.r*)

.rela.rodata
 *(.rela.rodata)
 *(.rela.rodata.*)
 *(.rela.gnu.linkonce.r*)

.rel.data
 *(.rel.data)
 *(.rel.data.*)
 *(.rel.gnu.linkonce.d*)

.rela.data
 *(.rela.data)
 *(.rela.data.*)
 *(.rela.gnu.linkonce.d*)

.rel.ctors
 *(.rel.ctors)

.rela.ctors
 *(.rela.ctors)

.rel.dtors
 *(.rel.dtors)

.rela.dtors
 *(.rela.dtors)

.rel.got
 *(.rel.got)

.rela.got
 *(.rela.got)

.rel.bss
 *(.rel.bss)

.rela.bss
 *(.rela.bss)

.rel.plt
 *(.rel.plt)

.rela.plt
 *(.rela.plt)

.text           0x00000000      0x276
 *(.vectors)
 .vectors       0x00000000       0x1e /usr/lib/gcc/avr/4.9.2/../../../avr/lib/avr25/tiny-stack/crtattiny25.o
                0x00000000                __vectors
                0x00000000                __vector_default
 *(.vectors)
 *(.progmem.gcc*)
                0x0000001e                . = ALIGN (0x2)
                0x0000001e                __trampolines_start = .
 *(.trampolines)
 .trampolines   0x0000001e        0x0 linker stubs
 *(.trampolines*)
                0x0000001e                __trampolines_end = .
 *(.progmem*)
 .progmem.data  0x0000001e       0x9e crm114.o
                0x0000001e                factory_types
                0x00000028                factory_modes
                0x00000032                factory_settings
                0x0000003c                ramp_FET
                0x0000007c                ramp_7135
                0x000000bc                . = ALIGN (0x2)
 *(.jumptables)
 *(.jumptables*)
 *(.lowtext)
 *(.lowtext*)
                0x000000bc                __ctors_start = .
 *(.ctors)
                0x000000bc                __ctors_end = .
                0x000000bc                __dtors_start = .
 *(.dtors)
                0x000000bc                __dtors_end = .
 SORT(*)(.ctors)
 SORT(*)(.dtors)
 *(.init0)
 .init0         0x000000bc        0x0 /usr/lib/gcc/avr/4.9.2/../../../avr/lib/avr25/tiny-stack/crtattiny25.o
                0x000000bc                __init
 *(.init0)
 *(.init1)
 *(.init1)
 *(.init2)
 .init2         0x000000bc        0x8 /usr/lib/gcc/avr/4.9.2/../../../avr/lib/avr25/tiny-stack/crtattiny25.o
 *(.init2)
 *(.init3)
 *(.init3)
 *(.init4)
 .init4         0x000000c4       0x16 /usr/lib/gcc/avr/4.9.2/avr25/tiny-stack/libgcc.a(_copy_data.o)
                0x000000c4                __do_copy_data
 *(.init4)
 *(.init5)
 *(.init5)
 *(.init6)
 *(.init6)
 *(.init7)
 *(.init7)
 *(.init8)
 *(.init8)
 *(.init9)
 .init9         0x000000da        0x4 /usr/lib/gcc/avr/4.9.2/../../../avr/lib/avr25/tiny-stack/crtattiny25.o
 *(.init9)
 *(.text)
 .text          0x000000de        0x2 /usr/lib/gcc/avr/4.9.2/../../../avr/lib/avr25/tiny-stack/crtattiny25.o
                0x000000de                __vector_1
                0x000000de                __vector_12
                0x000000de                __bad_interrupt
                0x000000de                __vector_6
                0x000000de                __vector_3
                0x000000de                __vector_11
                0x000000de                __vector_13
                0x000000de                __vector_7
                0x000000de                __vector_5
                0x000000de                __vector_4
                0x000000de                __vector_9
                0x000000de                __vector_2
                0x000000de                __vector_8
                0x000000de                __vector_14
                0x000000de                __vector_10
 .text          0x000000e0       0xfe crm114.o
                0x000000e0                read_otc
                0x000000f8                mode_count
                0x0000010e                save_modes
                0x00000156                read_modes
                0x0000019e                array_insert
                0x000001a8                array_delete
                0x000001b2                set_level
                0x000001ca                next_mode
 .text          0x000001de        0x0 /usr/lib/gcc/avr/4.9.2/avr25/tiny-stack/libgcc.a(_exit.o)
 .text          0x000001de        0x0 /usr/lib/gcc/avr/4.9.2/avr25/tiny-stack/libgcc.a(_copy_data.o)
 .text          0x000001de        0x0 /usr/lib/gcc/avr/4.9.2/../../../avr/lib/avr25/tiny-stack/libattiny25.a(eerd_byte.o)
 .text          0x000001de        0x0 /usr/lib/gcc/avr/4.9.2/../../../avr/lib/avr25/tiny-stack/libattiny25.a(eewr_byte.o)
                0x000001de                . = ALIGN (0x2)
 *(.text.*)
 .text.startup  0x000001de       0x68 crm114.o
                0x000001de                main
 .text.libgcc.mul
                0x00000246        0x0 /usr/lib/gcc/avr/4.9.2/avr25/tiny-stack/libgcc.a(_exit.o)
 .text.libgcc.div
                0x00000246        0x0 /usr/lib/gcc/avr/4.9.2/avr25/tiny-stack/libgcc.a(_exit.o)
 .text.libgcc   0x00000246        0x0 /usr/lib/gcc/avr/4.9.2/avr25/tiny-stack/libgcc.a(_exit.o)
 .text.libgcc.prologue
                0x00000246        0x0 /usr/lib/gcc/avr/4.9.2/avr25/tiny-stack/libgcc.a(_exit.o)
 .text.libgcc.builtins
                0x00000246        0x0 /usr/lib/gcc/avr/4.9.2/avr25/tiny-stack/libgcc.a(_exit.o)
 .text.libgcc.fmul
                0x00000246        0x0 /usr/lib/gcc/avr/4.9.2/avr25/tiny-stack/libgcc.a(_exit.o)
 .text.libgcc.fixed
                0x00000246        0x0 /usr/lib/gcc/avr/4.9.2/avr25/tiny-stack/libgcc.a(_exit.o)
 .text.libgcc.mul
                0x00000246        0x0 /usr/lib/gcc/avr/4.9.2/avr25/tiny-stack/libgcc.a(_copy_data.o)
 .text.libgcc.div
                0x00000246        0x0 /usr/lib/gcc/avr/4.9.2/avr25/tiny-stack/libgcc.a(_copy_data.o)
 .text.libgcc   0x00000246        0x0 /usr/lib/gcc/avr/4.9.2/avr25/tiny-stack/libgcc.a(_copy_data.o)
 .text.libgcc.prologue
                0x00000246        0x0 /usr/lib/gcc/avr/4.9.2/avr25/tiny-stack/libgcc.a(_copy_data.o)
 .text.libgcc.builtins
                0x00000246        0x0 /usr/lib/gcc/avr/4.9.2/avr25/tiny-stack/libgcc.a(_copy_data.o)
 .text.libgcc.fmul
                0x00000246        0x0 /usr/lib/gcc/avr/4.9.2/avr25/tiny-stack/libgcc.a(_copy_data.o)
 .text.libgcc.fixed
                0x00000246        0x0 /usr/lib/gcc/avr/4.9.2/avr25/tiny-stack/libgcc.a(_copy_data.o)
 .text.avr-libc
                0x00000246       0x10 /usr/lib/gcc/avr/4.9.2/../../../avr/lib/avr25/tiny-stack/libattiny25.a(eerd_byte.o)
                0x00000246                eeprom_read_byte
 .text.avr-libc
                0x00000256       0x1c /usr/lib/gcc/avr/4.9.2/../../../avr/lib/avr25/tiny-stack/libattiny25.a(eewr_byte.o)
                0x00000256                eeprom_write_byte
                0x00000258                eeprom_write_r18
                0x00000272                . = ALIGN (0x2)
 *(.fini9)
 .fini9         0x00000272        0x0 /usr/lib/gcc/avr/4.9.2/avr25/tiny-stack/libgcc.a(_exit.o)
                0x00000272                exit
                0x00000272                _exit
 *(.fini9)
 *(.fini8)
 *(.fini8)
 *(.fini7)
 *(.fini7)
 *(.fini6)
 *(.fini6)
 *(.fini5)
 *(.fini5)
 *(.fini4)
 *(.fini4)
 *(.fini3)
 *(.fini3)
 *(.fini2)
 *(.fini2)
 *(.fini1)
 *(.fini1)
 *(.fini0)
 .fini0         0x00000272        0x4 /usr/lib/gcc/avr/4.9.2/avr25/tiny-stack/libgcc.a(_exit.o)
 *(.fini0)
                0x00000276                _etext = .

.data           0x00800060       0x14 load address 0x00000276
                0x00800060                PROVIDE (__data_start, .)
 *(.data)
 .data          0x00800060        0x0 /usr/lib/gcc/avr/4.9.2/../../../avr/lib/avr25/tiny-stack/crtattiny25.o
 .data          0x00800060       0x14 crm114.o
                0x00800060                user_types
                0x0080006a                user_modes
 .data          0x00800074        0x0 /usr/lib/gcc/avr/4.9.2/avr25/tiny-stack/libgcc.a(_exit.o)
 .data          0x00800074        0x0 /usr/lib/gcc/avr/4.9.2/avr25/tiny-stack/libgcc.a(_copy_data.o)
 .data          0x00800074        0x0 /usr/lib/gcc/avr/4.9.2/../../../avr/lib/avr25/tiny-stack/libattiny25.a(eerd_byte.o)
 .data          0x00800074        0x0 /usr/lib/gcc/avr/4.9.2/../../../avr/lib/avr25/tiny-stack/libattiny25.a(eewr_byte.o)
 *(.data*)
 *(.rodata)
 *(.rodata*)
 *(.gnu.linkonce.d*)
                0x00800074                . = ALIGN (0x2)
                0x00800074                _edata = .
                0x00800074                PROVIDE (__data_end, .)

.bss            0x00800074        0x0
                0x00800074                PROVIDE (__bss_start, .)
 *(.bss)
 .bss           0x00800074        0x0 /usr/lib/gcc/avr/4.9.2/../../../avr/lib/avr25/tiny-stack/crtattiny25.o
 .bss           0x00800074        0x0 crm114.o
 .bss           0x00800074        0x0 /usr/lib/gcc/avr/4.9.2/avr25/tiny-stack/libgcc.a(_exit.o)
 .bss           0x00800074        0x0 /usr/lib/gcc/avr/4.9.2/avr25/tiny-stack/libgcc.a(_copy_data.o)
 .bss           0x00800074        0x0 /usr/lib/gcc/avr/4.9.2/../../../avr/lib/avr25/tiny-stack/libattiny25.a(eerd_byte.o)
 .bss           0x00800074        0x0 /usr/lib/gcc/avr/4.9.2/../../../avr/lib/avr25/tiny-stack/libattiny25.a(eewr_byte.o)
 *(.bss*)
 *(COMMON)
                0x00800074                PROVIDE (__bss_end, .)
                0x00000276                __data_load_start = LOADADDR (.data)
                0x0000028a                __data_load_end = (__data_load_start + SIZEOF (.data))

.noinit         0x00800074        0x0
                0x00800074                PROVIDE (__noinit_start, .)
 *(.noinit*)
                0x00800074                PROVIDE (__noinit_end, .)
                0x00800074                _end = .
                0x00800074                PROVIDE (__heap_start, .)

.eeprom         0x00810000        0x0
 *(.eeprom*)
                0x00810000                __eeprom_end = .

.fuse
 *(.fuse)
 *(.lfuse)
 *(.hfuse)
 *(.efuse)

.lock
 *(.lock*)

.signature
 *(.signature*)

.user_signatures
 *(.user_signatures*)

.stab           0x00000000      0xa8c
 *(.stab)
 .stab          0x00000000      0xa8c crm114.o

.stabstr        0x00000000      0xe3d
 *(.stabstr)
 .stabstr       0x00000000      0xe3d crm114.o

.stab.excl
 *(.stab.excl)

.stab.exclstr
 *(.stab.exclstr)

.stab.index
 *(.stab.index)

.stab.indexstr
 *(.stab.indexstr)

.comment        0x00000000       0x11
 *(.comment)
 .comment       0x00000000       0x11 crm114.o
                                 0x12 (size before relaxing)

.note.gnu.avr.deviceinfo
                0x00000000       0x3c
 .note.gnu.avr.deviceinfo
                0x00000000       0x3c /usr/lib/gcc/avr/4.9.2/../../../avr/lib/avr25/tiny-stack/crtattiny25.o

.note.gnu.build-id
 *(.note.gnu.build-id)

.debug
 *(.debug)

.line
 *(.line)

.debug_srcinfo
 *(.debug_srcinfo)

.debug_sfnames
 *(.debug_sfnames)

.debug_aranges
 *(.debug_aranges)

.debug_pubnames
 *(.debug_pubnames)

.debug_info
 *(.debug_info .gnu.linkonce.wi.*)

.debug_abbrev
 *(.debug_abbrev)

.debug_line
 *(.debug_line .debug_line.* .debug_line_end)

.debug_frame
 *(.debug_frame)

.debug_str
 *(.debug_str)

.debug_loc
 *(.debug_loc)

.debug_macinfo
 *(.debug_macinfo)

.debug_weaknames
 *(.debug_weaknames)

.debug_funcnames
 *(.debug_funcnames)

.debug_typenames
 *(.debug_typenames)

.debug_varnames
 *(.debug_varnames)

.debug_pubtypes
 *(.debug_pubtypes)

.debug_ranges
 *(.debug_ranges)

.debug_macro
 *(.debug_macro)
OUTPUT(crm114.elf elf32-avr)
LOAD linker stubs

Cross Reference Table

Symbol                                            File
__bad_interrupt                                   /usr/lib/gcc/avr/4.9.2/../../../avr/lib/avr25/tiny-stack/crtattiny25.o
__data_end                                        /usr/lib/gcc/avr/4.9.2/avr25/tiny-stack/libgcc.a(_copy_data.o)
__data_load_start                                 /usr/lib/gcc/avr/4.9.2/avr25/tiny-stack/libgcc.a(_copy_data.o)
__data_start                                      /usr/lib/gcc/avr/4.9.2/avr25/tiny-stack/libgcc.a(_copy_data.o)
__do_copy_data                                    /usr/lib/gcc/avr/4.9.2/avr25/tiny-stack/libgcc.a(_copy_data.o)
                                                  crm114.o
__heap_end                                        /usr/lib/gcc/avr/4.9.2/../../../avr/lib/avr25/tiny-stack/crtattiny25.o
__init                                            /usr/lib/gcc/avr/4.9.2/../../../avr/lib/avr25/tiny-stack/crtattiny25.o
__stack                                           /usr/lib/gcc/avr/4.9.2/../../../avr/lib/avr25/tiny-stack/crtattiny25.o
__vector_1                                        /usr/lib/gcc/avr/4.9.2/../../../avr/lib/avr25/tiny-stack/crtattiny25.o
__vector_10                                       /usr/lib/gcc/avr/4.9.2/../../../avr/lib/avr25/tiny-stack/crtattiny25.o
__vector_11                                       /usr/lib/gcc/avr/4.9.2/../../../avr/lib/avr25/tiny-stack/crtattiny25.o
__vector_12                                       /usr/lib/gcc/avr/4.9.2/../../../avr/lib/avr25/tiny-stack/crtattiny25.o
__vector_13                                       /usr/lib/gcc/avr/4.9.2/../../../avr/lib/avr25/tiny-stack/crtattiny25.o
__vector_14                                       /usr/lib/gcc/avr/4.9.2/../../../avr/lib/avr25/tiny-stack/crtattiny25.o
__vector_2                                        /usr/lib/gcc/avr/4.9.2/../../../avr/lib/avr25/tiny-stack/crtattiny25.o
__vector_3                                        /usr/lib/gcc/avr/4.9.2/../../../avr/lib/avr25/tiny-stack/crtattiny25.o
__vector_4                                        /usr/lib/gcc/avr/4.9.2/../../../avr/lib/avr25/tiny-stack/crtattiny25.o
__vector_5                                        /usr/lib/gcc/avr/4.9.2/../../../avr/lib/avr25/tiny-stack/crtattiny25.o
__vector_6                                        /usr/lib/gcc/avr/4.9.2/../../../avr/lib/avr25/tiny-stack/crtattiny25.o
__vector_7                                        /usr/lib/gcc/avr/4.9.2/../../../avr/lib/avr25/tiny-stack/crtattiny25.o
__vector_8                                        /usr/lib/gcc/avr/4.9.2/../../../avr/lib/avr25/tiny-stack/crtattiny25.o
__vector_9                                        /usr/lib/gcc/avr/4.9.2/../../../avr/lib/avr25/tiny-stack/crtattiny25.o
__vector_default                                  /usr/lib/gcc/avr/4.9.2/../../../avr/lib/avr25/tiny-stack/crtattiny25.o
__vectors                                         /usr/lib/gcc/avr/4.9.2/../../../avr/lib/avr25/tiny-stack/crtattiny25.o
_exit                                             /usr/lib/gcc/avr/4.9.2/avr25/tiny-stack/libgcc.a(_exit.o)
array_delete                                      crm114.o
array_insert                                      crm114.o
eeprom_read_byte                                  /usr/lib/gcc/avr/4.9.2/../../../avr/lib/avr25/tiny-stack/libattiny25.a(eerd_byte.o)
                                                  crm114.o
eeprom_write_byte                                 /usr/lib/gcc/avr/4.9.2/../../../avr/lib/avr25/tiny-stack/libattiny25.a(eewr_byte.o)
                                                  crm114.o
eeprom_write_r18                                  /usr/lib/gcc/avr/4.9.2/../../../avr/lib/avr25/tiny-stack/libattiny25.a(eewr_byte.o)
exit                                              /usr/lib/gcc/avr/4.9.2/avr25/tiny-stack/libgcc.a(_exit.o)
                                                  /usr/lib/gcc/avr/4.9.2/../../../avr/lib/avr25/tiny-stack/crtattiny25.o
factory_modes                                     crm114.o
factory_settings                                  crm114.o
factory_types                                     crm114.o
main                                              crm114.o
                                                  /usr/lib/gcc/avr/4.9.2/../../../avr/lib/avr25/tiny-stack/crtattiny25.o
mode_count                                        crm114.o
next_mode                                         crm114.o
ramp_7135                                         crm114.o
ramp_FET                                          crm114.o
read_modes                                        crm114.o
read_otc                                          crm114.o
save_modes                                        crm114.o
set_level                                         crm114.o
user_modes                                        crm114.o
user_types                                        crm114.o
